=== CONFIG SHOW ===

=== STATE ===

=== WORKFLOW ===

=== READY ===

=== ISSUE LIST ===

=== ALL CLI TESTS PASSED ===
